// Jest Snapshot v1, https://goo.gl/fbAQLP

exports[`Test component <GifItem/> debe de hacer match con el snapshot 1`] = `
<div>
  <div
    class="card"
  >
    <img
      alt="Naruto"
      src="https://naruto-uzumaki/images.jpg"
    />
    <p>
      Naruto
    </p>
  </div>
</div>
`;
